[   97688ms] ReferenceError: mockFileTree is not defined
    at AppInner (http://localhost:5174/src/App.tsx?t=1774847324935:219:12)
    at Object.react_stack_bottom_frame (http://localhost:5174/node_modules/.vite/deps/react-dom_client.js?v=f0b32712:12868:12)
    at renderWithHooks (http://localhost:5174/node_modules/.vite/deps/react-dom_client.js?v=f0b32712:4213:19)
    at updateFunctionComponent (http://localhost:5174/node_modules/.vite/deps/react-dom_client.js?v=f0b32712:5569:16)
    at beginWork (http://localhost:5174/node_modules/.vite/deps/react-dom_client.js?v=f0b32712:6140:20)
    at runWithFiberInDEV (http://localhost:5174/node_modules/.vite/deps/react-dom_client.js?v=f0b32712:851:66)
    at performUnitOfWork (http://localhost:5174/node_modules/.vite/deps/react-dom_client.js?v=f0b32712:8429:92)
    at workLoopSync (http://localhost:5174/node_modules/.vite/deps/react-dom_client.js?v=f0b32712:8325:37)
    at renderRootSync (http://localhost:5174/node_modules/.vite/deps/react-dom_client.js?v=f0b32712:8309:6)
    at performWorkOnRoot (http://localhost:5174/node_modules/.vite/deps/react-dom_client.js?v=f0b32712:7994:27)
[   97687ms] [WARNING] %s

%s
 An error occurred in the <AppInner> component. Consider adding an error boundary to your tree to customize error handling behavior.
Visit https://react.dev/link/error-boundaries to learn more about error boundaries. @ http://localhost:5174/@vite/client:509
[  107380ms] [ERROR] [vite] ReferenceError: defaultFile is not defined
    at http://localhost:5174/src/providers/AppStateProvider.tsx?t=1774847334742:9:8 @ http://localhost:5174/@vite/client:509
[  107380ms] [ERROR] [vite] Failed to reload /src/providers/AppStateProvider.tsx. This could be due to syntax errors or importing non-existent modules. (see errors above) @ http://localhost:5174/@vite/client:509
[  111788ms] [ERROR] [vite] SyntaxError: The requested module '/src/data/index.ts' does not provide an export named 'defaultFilePathPath' @ http://localhost:5174/@vite/client:509
[  111788ms] [ERROR] [vite] Failed to reload /src/providers/AppStateProvider.tsx. This could be due to syntax errors or importing non-existent modules. (see errors above) @ http://localhost:5174/@vite/client:509
[  116901ms] [ERROR] [vite] SyntaxError: The requested module '/src/data/index.ts' does not provide an export named 'defaultFilePathPath' @ http://localhost:5174/@vite/client:509
[  116901ms] [ERROR] [vite] Failed to reload /src/providers/AppStateProvider.tsx. This could be due to syntax errors or importing non-existent modules. (see errors above) @ http://localhost:5174/@vite/client:509
[  121988ms] [ERROR] [vite] SyntaxError: The requested module '/src/data/index.ts' does not provide an export named 'defaultFilePathPath' @ http://localhost:5174/@vite/client:509
[  121988ms] [ERROR] [vite] Failed to reload /src/components/search/SearchPanel.tsx. This could be due to syntax errors or importing non-existent modules. (see errors above) @ http://localhost:5174/@vite/client:509
[  125831ms] [ERROR] [vite] SyntaxError: The requested module '/src/data/index.ts' does not provide an export named 'defaultFilePathPath' @ http://localhost:5174/@vite/client:509
[  125831ms] [ERROR] [vite] Failed to reload /src/components/search/SearchPanel.tsx. This could be due to syntax errors or importing non-existent modules. (see errors above) @ http://localhost:5174/@vite/client:509
[  160018ms] Error: useAppContext must be used within AppStateProvider
    at useAppContext (http://localhost:5174/src/providers/AppStateProvider.tsx?t=1774847387135:198:18)
    at AppInner (http://localhost:5174/src/App.tsx?t=1774847387126:41:79)
    at Object.react_stack_bottom_frame (http://localhost:5174/node_modules/.vite/deps/react-dom_client.js?v=f0b32712:12868:12)
    at renderWithHooks (http://localhost:5174/node_modules/.vite/deps/react-dom_client.js?v=f0b32712:4213:19)
    at updateFunctionComponent (http://localhost:5174/node_modules/.vite/deps/react-dom_client.js?v=f0b32712:5569:16)
    at beginWork (http://localhost:5174/node_modules/.vite/deps/react-dom_client.js?v=f0b32712:6140:20)
    at runWithFiberInDEV (http://localhost:5174/node_modules/.vite/deps/react-dom_client.js?v=f0b32712:851:66)
    at performUnitOfWork (http://localhost:5174/node_modules/.vite/deps/react-dom_client.js?v=f0b32712:8429:92)
    at workLoopSync (http://localhost:5174/node_modules/.vite/deps/react-dom_client.js?v=f0b32712:8325:37)
    at renderRootSync (http://localhost:5174/node_modules/.vite/deps/react-dom_client.js?v=f0b32712:8309:6)
[  159936ms] [WARNING] %s

%s
 An error occurred in the <AppInner> component. Consider adding an error boundary to your tree to customize error handling behavior.
Visit https://react.dev/link/error-boundaries to learn more about error boundaries. @ http://localhost:5174/@vite/client:509
[  237704ms] [ERROR] Failed to load resource: the server responded with a status of 504 (Outdated Optimize Dep) @ http://localhost:5174/node_modules/.vite/deps/chunk-CXA2xvMn.js?v=cf9f5637:0
[  245254ms] [ERROR] Failed to load resource: the server responded with a status of 504 (Outdated Optimize Dep) @ http://localhost:5174/node_modules/.vite/deps/react-dom.js?v=cf9f5637:0
[  245269ms] [ERROR] Failed to load resource: the server responded with a status of 504 (Outdated Optimize Dep) @ http://localhost:5174/node_modules/.vite/deps/chunk-CXA2xvMn.js?v=cf9f5637:0
